スクレイピング処理を開始します...
データベース 'momobib' の準備ができました。
マスタテーブルを作成します...
-> テーブル 'awards', 'prefectures', 'genres' の準備完了。
メインテーブル 'restaurants' を作成します...
-> テーブル 'restaurants' の準備完了。
中間テーブル 'restaurant_genres' を作成します...
-> テーブル 'restaurant_genres' の準備完了。
68件のカテゴリが見つかりました。

[1/68] カテゴリを処理中: https://award.tabelog.com/hyakumeiten/cafe_east
  -> 100件の店舗を処理します。
    - 店舗: アマメリア エスプレッソ 
      - 緯度経度取得中 (試行1/2: 地理院地図)...
        -> [地理院地図] 座標取得成功: (35.620281, 139.705978)
    - 店舗: うさぎや CAFE 
      - 緯度経度取得中 (試行1/2: 地理院地図)...
        -> [地理院地図] 座標取得成功: (35.706978, 139.771606)

[2/68] カテゴリを処理中: https://award.tabelog.com/hyakumeiten/cafe_west
  -> 100件の店舗を処理します。
    - 店舗: ソングバード コーヒー 
      - 緯度経度取得中 (試行1/2: 地理院地図)...
        -> [地理院地図] 座標取得成功: (35.01226, 135.763016)
    - 店舗: カフェ フロインドリーブ 本店 
      - 緯度経度取得中 (試行1/2: 地理院地図)...
        -> [地理院地図] 座標取得成功: (34.700798, 135.194992)

[3/68] カテゴリを処理中: https://award.tabelog.com/hyakumeiten/yoshoku_east
  -> 100件の店舗を処理します。
    - 店舗: レストラン香味屋 
      - 緯度経度取得中 (試行1/2: 地理院地図)...
        -> [地理院地図] 座標取得成功: (35.724102, 139.783554)
    - 店舗: 南蛮 銀圓亭 
      - 緯度経度取得中 (試行1/2: 地理院地図)...
        -> [地理院地図] 座標取得成功: (35.671429, 139.763138)

スクレイピングが完了しました。合計6件の店舗データを取得しました。

データベースへの保存を開始します...
手順1: マスタテーブルにデータを挿入...
-> マスタデータの挿入完了。
手順2: マスタデータのIDマップを作成...
-> IDマップの作成完了。
手順3&4: 店舗情報とジャンル関連を保存...
-> 店舗データとジャンル関連の保存が完了しました。

データベース接続を閉じました。
